../Core/Src/main.c:93:5:main	48	static
../Core/Src/main.c:219:6:SystemClock_Config	120	static
../Core/Src/main.c:271:13:MX_ADC_Init	16	static
../Core/Src/main.c:335:13:MX_I2C1_Init	8	static
../Core/Src/main.c:383:13:MX_RTC_Init	72	static
../Core/Src/main.c:466:13:MX_SPI1_Init	8	static
../Core/Src/main.c:504:13:MX_SPI2_Init	8	static
../Core/Src/main.c:542:13:MX_USART1_UART_Init	8	static
../Core/Src/main.c:577:13:MX_GPIO_Init	56	static
../Core/Src/main.c:686:6:EnterStopMode	8	static,ignoring_inline_asm
../Core/Src/main.c:775:6:writeRegSpi	24	static
../Core/Src/main.c:784:9:readRegSpi	32	static
../Core/Src/main.c:795:6:setRgbLed	16	static
../Core/Src/main.c:842:6:spiToLowPowerState	32	static
../Core/Src/main.c:895:6:Error_Handler	8	static,ignoring_inline_asm
