../Core/Src/stm32l0xx_hal_msp.c:63:6:HAL_MspInit	8	static
../Core/Src/stm32l0xx_hal_msp.c:85:6:HAL_ADC_MspInit	16	static
../Core/Src/stm32l0xx_hal_msp.c:107:6:HAL_ADC_MspDeInit	16	static
../Core/Src/stm32l0xx_hal_msp.c:129:6:HAL_I2C_MspInit	48	static
../Core/Src/stm32l0xx_hal_msp.c:172:6:HAL_I2C_MspDeInit	16	static
../Core/Src/stm32l0xx_hal_msp.c:203:6:HAL_RTC_MspInit	16	static
../Core/Src/stm32l0xx_hal_msp.c:228:6:HAL_RTC_MspDeInit	16	static
../Core/Src/stm32l0xx_hal_msp.c:253:6:HAL_SPI_MspInit	56	static
../Core/Src/stm32l0xx_hal_msp.c:329:6:HAL_SPI_MspDeInit	16	static
../Core/Src/stm32l0xx_hal_msp.c:378:6:HAL_UART_MspInit	48	static
../Core/Src/stm32l0xx_hal_msp.c:421:6:HAL_UART_MspDeInit	16	static
